// Jest Snapshot v1, https://goo.gl/fbAQLP

exports[`Reducer mock Match snapshot 1`] = `
Array [
  Object {
    "payload": 5000,
    "type": "INCREMENT_LIMIT",
  },
  Object {
    "payload": 5000,
    "type": "INCREMENT_LIMIT",
  },
]
`;
